Domino's Pizza --> b288 c36 s11
Arbory Bar and Eatery --> b248 c31 s7
Leap's Bakery Cafe --> b312 c39 s11
Best Western Melbourne City --> b336 c42 s9
Hudson's Coffee --> b512 c64 s12
Nando's --> b424 c53 s11
Cafe 34 --> b264 c33 s10
Roule Galette --> b232 c29 s9
Grill'd --> b336 c42 s10
Metro Burgers --> b224 c28 s8
Pastuso --> b192 c24 s10
Bowery to Williamsburg --> b344 c43 s11
Fonda Flinders Lane --> b264 c33 s10
Cecconi's Flinders Lane --> b328 c41 s10
Eastside --> b272 c34 s11
Natural History Bar & Grill --> b376 c47 s11
Robot Sushi & Bar --> b320 c40 s11
Three Drops Espresso --> b488 c61 s11
Allegro Restaurant --> b272 c34 s9
Mrs Singh --> b312 c39 s11
No35 --> b176 c22 s9
Di Stasio Citta --> b280 c35 s11
In Zone Cafe --> b256 c32 s11
Henry & The Fox --> b256 c32 s10
Royal Stacks --> b272 c34 s10
Curry Vault --> b200 c25 s9
Subway --> b368 c46 s10
Syracuse Wine Bar & Restaurant --> b592 c74 s10
Makan --> b216 c27 s10
Hopetoun Tea Rooms --> b224 c28 s5
1932 Cafe & Restaurant --> b248 c31 s9
Doughboys Doughnuts --> b320 c40 s11
Simply Spanish --> b296 c37 s10
Fjord --> b120 c15 s8
Iki-Jime --> b160 c20 s9
In a Rush Espresso --> b240 c30 s7
Laurent Boulangerie Patisserie --> b400 c50 s11
Gordons Cafe & Bar --> b448 c56 s11
VB Rolls --> b192 c24 s11
Da Rin --> b216 c27 s11
Soi 38 --> b216 c27 s10
Mail Exchange Hotel --> b352 c44 s11
Rice Paper Sister --> b352 c44 s11
Dari Korean Café And Bar --> b536 c67 s10
Mumchan --> b168 c21 s8
Triim --> b208 c26 s10
Mercure Welcome Hotel --> b520 c65 s11
Tim Ho Wan --> b248 c31 s11
Mrs Zan's Kitchen --> b312 c39 s10
Wagaya Japanese Restaurant --> b344 c43 s11
Teaser Fengcha --> b256 c32 s9
Udon Izakaya Maedaya --> b264 c33 s11
Rising Embers --> b216 c27 s9
Virgin Active Health Club --> b296 c37 s9
Bar Clara --> b256 c32 s10
Recoleta --> b176 c22 s10
Siglo Bar --> b264 c33 s11
Common Place Coffee Brewers --> b456 c57 s10
Banoi --> b160 c20 s9
Michelangelo --> b264 c33 s10
Hana's Kitchen --> b216 c27 s8
Claypots Barbarossa --> b304 c38 s10
Nelayan --> b168 c21 s9
Dumplings Plus --> b344 c43 s11
Peddler Tuck Shop CBD --> b320 c40 s11
Gami At Healeys - Chicken & Beer --> b360 c45 s6
Mankeumi --> b192 c24 s8
G2 Korean BBQ --> b200 c25 s10
Easy Pot --> b208 c26 s10
Hadware Street Cafe --> b464 c58 s11
Whisky and Alement --> b272 c34 s11
Melbourne Whisky Room --> b400 c50 s9
Bros Sushi --> b264 c33 s11
Coopers Inn --> b264 c33 s11
Standard Coffee --> b264 c33 s8
Goz City --> b232 c29 s11
Kings and Knaves Espresso --> b480 c60 s7
Green Me Yoghurt --> b256 c32 s9
Asian Beer Cafe --> b240 c30 s9
Troika Bar --> b320 c40 s10
Charles LaTrobe Coffee Co --> b296 c37 s7
Druids Cafe --> b248 c31 s11
Cupanda Kitchen --> b280 c35 s11
Tea Bag --> b248 c31 s11
Shujinko Ramen --> b208 c26 s4
Josies Food Bar --> b240 c30 s11
Milk The Cow --> b240 c30 s9
The Heart of Carlton --> b440 c55 s10
Yo-Chi --> b136 c17 s8
Brew Culture --> b200 c25 s7
Sushi Ten --> b320 c40 s11
Calrton Pizzeria Bar and Restaurant --> b480 c60 s11
The Graduate Union of the University of Melbourne --> b504 c63 s5
Don Tojo --> b200 c25 s9
Pepper alley --> b216 c27 s9
Seasons Provedore --> b328 c41 s11
Il Gambero On The Park --> b336 c42 s11
Roberts Italian Restaurant --> b360 c45 s10
Mad Hare --> b152 c19 s3
Briscola Espresso --> b432 c54 s11
Briscola Cafe --> b320 c40 s10
No 1 Delicious Hotpot And Bbq --> b384 c48 s11
Carlton Cafe --> b352 c44 s10
North End Deli --> b264 c33 s10
Sublime cafe --> b368 c46 s11
Kebab Connection --> b248 c31 s10
Hallah --> b224 c28 s11
I Wrap Cafe --> b192 c24 s10
Affinity On Errol --> b264 c33 s11
Katmandu Cottage --> b248 c31 s9
Lukumades --> b272 c34 s10
Soolzip Korean --> b296 c37 s11
Geppetto Trattoria --> b288 c36 s11
Magnolia Court Boutique Hotel --> b392 c49 s9
My Sushi Japanese Cafe --> b288 c36 s10
Sir Osborn --> b200 c25 s8
Victoria's Secret Bar & Cafe --> b352 c44 s10
Mugs Alley --> b240 c30 s11
Shuji Sushi --> b384 c48 s11
Story So Far --> b288 c36 s11
Centro --> b216 c27 s11
Bombini Buzz --> b328 c41 s10
Waterfront (Southgate) --> b376 c47 s11
Lindt --> b184 c23 s10
Ponyfish Island --> b264 c33 s10
Cafe Promenade --> b352 c44 s9
Mad Duck Cafe --> b288 c36 s11
Left Bank Melbourne --> b232 c29 s7
Frankie Walter Peta --> b296 c37 s11
V P R Vietnamese Pork Roll --> b280 c35 s8
Melbourne Public --> b600 c75 s11
Schnitz --> b232 c29 s10
Paris by night --> b304 c38 s11
Saporito Cafe Bar & Grill --> b368 c46 s11
Lisa Bolte dancers'  Lounge --> b384 c48 s11
Gilson --> b184 c23 s10
Alfretti Cafe --> b240 c30 s10
Quality Hotel --> b192 c24 s9
Parkville Store --> b360 c45 s9
McDonalds Royal Children's Hospital --> b616 c77 s11
Teej Cafe --> b224 c28 s10
The Nixon Hotel --> b360 c45 s9
Asuka Sushi --> b240 c30 s11
VinTam's Bakery --> b280 c35 s11
Blended Beard --> b248 c31 s10
Smokestak --> b240 c30 s11
Tap 831 --> b144 c18 s7
Code Black --> b440 c55 s9
Street Kitchen Co --> b272 c34 s9
Chia Chia --> b288 c36 s11
Cafenatics Forte --> b480 c60 s9
Urban Alley Brewery --> b264 c33 s11
Dohtonbori --> b224 c28 s5
Jon Smith Subs Docklands --> b288 c36 s8
Boost Juice Waterfront City --> b376 c47 s10
Yassas --> b184 c23 s11
Bababoi --> b192 c24 s10
Crust Gourmet Pizza Bar Kensington --> b416 c52 s10
Pilgrim Bar --> b256 c32 s11
Beer De Luxe --> b240 c30 s10
Transit Rooftop Bar --> b264 c33 s8
Altius Coffee Brewers --> b480 c60 s11
Flinders Kebab --> b240 c30 s11
Williams Bar Cafe --> b360 c45 s11
Gami Chicken & Beer --> b360 c45 s10
Sushi Hub Elizabeth Street --> b560 c70 s11
Heart Baker Bun Mee --> b280 c35 s9
The Journal Canteen --> b560 c70 s10
Cafe Andiamo --> b384 c48 s11
Seedling Cafe --> b216 c27 s8
Om Nom Kitchen --> b232 c29 s11
The French Brasserie --> b392 c49 s10
Espresso Bar International --> b312 c39 s10
Market Lane Bar --> b472 c59 s11
Sensory Lab --> b272 c34 s11
Midtown Cafe & Catering --> b376 c47 s11
Bistro Du Peuple --> b272 c34 s11
Sofi's Lounge --> b240 c30 s9
Roll'D Collins Place --> b416 c52 s11
Apna Desi Indian Restaurant --> b352 c44 s11
Kantina Kartel --> b256 c32 s11
Dikstein's Corner Bar --> b312 c39 s10
PappaRich 360 Collins --> b392 c49 s11
Cafenatics Equitable Place --> b576 c72 s10
Sushi Hut --> b272 c34 s8
La Creperie Saint- Germain --> b304 c38 s8
Garcon Paris Steakhouse --> b312 c39 s9
Liaision --> b224 c28 s11
Coffee Exchange --> b384 c48 s11
Cafe Felice --> b328 c41 s10
Bar Ampere --> b288 c36 s11
Axil Coffee Roasters --> b408 c51 s9
The Meating House --> b344 c43 s8
Izakaya Den --> b176 c22 s9
Nando's Bourke Street --> b464 c58 s11
Waiters Restaurant --> b272 c34 s10
San Telmo Restaurant --> b312 c39 s10
Hotel Windsor --> b224 c28 s9
Ha Ha Tea --> b184 c23 s9
Kedai Satay --> b232 c29 s11
Crisp Creative Salad --> b336 c42 s11
Sakae --> b120 c15 s7
Dumpling Kingdom --> b288 c36 s9
Little Curry Authentic Cuisine --> b552 c69 s11
Grill'd Healthy Burgers --> b320 c40 s7
Gyoza Gyoza & Momo Shabu Shabu --> b400 c50 s10
Self Preservation --> b320 c40 s11
Arlechin --> b200 c25 s10
Punch Lane Wine Bar/Restaurant --> b376 c47 s10
Bamboo House --> b264 c33 s11
Red Pepper Indian Restaurant --> b544 c68 s7
The Mill --> b448 c56 s11
Il Nostro Posto --> b248 c31 s10
YourThai Rice & Noodle Bar --> b344 c43 s11
Le Charme --> b208 c26 s10
Dragon Hot Pot --> b376 c47 s11
Nam Loong Restaurant --> b272 c34 s9
Korean BBQ Buffet --> b280 c35 s11
Wonton Master --> b248 c31 s11
NANA Australia --> b224 c28 s11
CJ Lunchbar --> b208 c26 s11
Papparich --> b248 c31 s10
Grill'd (QV) --> b456 c57 s11
Uncle 8 --> b144 c18 s9
Sulbing Dessert Bar --> b296 c37 s9
Coco and Joe --> b272 c34 s11
Mad Mex --> b264 c33 s10
Suzi jiro --> b224 c28 s10
Frozen by a Thousand Blessings --> b344 c43 s9
Wonder Bowl --> b200 c25 s9
Tealive --> b296 c37 s11
The League Of Honest Coffee --> b552 c69 s11
The Dispensa --> b288 c36 s9
Smile Bread --> b232 c29 s10
Shuxiang Hot Pot --> b296 c37 s10
The Basement Cafe --> b352 c44 s10
Dear Fry Day --> b240 c30 s10
Blu Point Caffe --> b240 c30 s8
Menya Ramen --> b288 c36 s11
Phancy Catering --> b248 c31 s10
McDonalds --> b480 c60 s12
DDDumplings --> b216 c27 s11
David's Master Pot --> b304 c38 s11
Degani Bakery Cafe --> b416 c52 s9
Tiamo Coffee --> b224 c28 s9
Trotters Bistro --> b312 c39 s11
Donnini's Restaurant --> b328 c41 s10
Bloom Coffee Bar --> b304 c38 s11
Books N Bites Cafe --> b336 c42 s11
Delect A Bowl --> b280 c35 s10
Tabouli --> b200 c25 s11
Thai City Restaurant --> b280 c35 s8
D'Penyetz & D'Cendol --> b432 c54 s11
Tank Fish And Chippery --> b352 c44 s11
Cafe Tre Sette --> b432 c54 s11
Mama Tsai --> b272 c34 s11
A Cafe Called John --> b264 c33 s11
Cream & Crumbs --> b216 c27 s8
Dr Dax Kitchen --> b208 c26 s8
Oriental House --> b224 c28 s10
Joe Taylor --> b216 c27 s11
Salt Seafood and Burger Bar --> b392 c49 s11
Roasting Warehouse --> b304 c38 s11
Classic Curry Company --> b352 c44 s11
Avist Cafe --> b200 c25 s10
Tong Fu Garden Melbourne --> b336 c42 s10
Chimac the Korean Bistro --> b416 c52 s11
Gap Cafe --> b248 c31 s11
Magic Hand Car Wash West Melbourne --> b488 c61 s11
Headquarters Tavern --> b320 c40 s11
Kiwi Tribeca Fish Burger Bar --> b352 c44 s10
Edwin's Cafe --> b224 c28 s11
Giro D’Italia --> b280 c35 s11
Circolo --> b240 c30 s11
Humbaba --> b152 c19 s8
Hophaus --> b232 c29 s10
Red Emperor --> b272 c34 s11
Portside Deli --> b264 c33 s11
Pier 35 Bar & Grill --> b232 c29 s7
Ootoro --> b104 c13 s5
Soho Restaurant & Bar --> b360 c45 s11
Asado Bar y Grill --> b288 c36 s11
Upstanding Citizens --> b416 c52 s11
Common Man --> b384 c48 s10
Jardin Tan --> b192 c24 s11
Super 8 --> b248 c31 s11
Isabella --> b184 c23 s10
Lakeside Bistro And Function Centre --> b432 c54 s10
Melbourne Stadiums Limited --> b680 c85 s11
Harbour Cafe --> b264 c33 s11
Katsu House --> b248 c31 s11
Sergy Boy --> b200 c25 s9
O-Bento --> b168 c21 s11
Platform 28 --> b224 c28 s11
Coffee Gauge --> b296 c37 s10
Indi Hots Indian Restaurant --> b360 c45 s11
Tsukino Snizuku --> b336 c42 s7
Spicy Kitchen Docklands --> b384 c48 s11
Nourish-D --> b192 c24 s9
Solidaire Victoria --> b256 c32 s7
Steakhouse Grill 66 --> b392 c49 s10
Cargo --> b256 c32 s11
All Smiles --> b264 c33 s11
san churro docklands --> b240 c30 s10
Miss Pings Thai Eatery --> b416 c52 s11
Cafe Bourgeois --> b416 c52 s11
Perso --> b192 c24 s11
Melba Social --> b208 c26 s7
Argi --> b200 c25 s11
The Quiet Man Irish Pub --> b480 c60 s10
Nandos Northbank --> b320 c40 s10
Chocolate Buddha --> b304 c38 s11
Delhi Streets --> b264 c33 s9
Punthill Melbourne Northbank / Mini Bar --> b464 c58 s11
Stand Up Cafe --> b320 c40 s11
Kobab --> b184 c23 s11
Degraves Espresso --> b336 c42 s11
The Quarter --> b440 c55 s11
Buddabah --> b208 c26 s10
Earl Canteen --> b208 c26 s10
Pho Nom --> b208 c26 s11
Krispy Kreme --> b248 c31 s11
Little Bean Bambini --> b312 c39 s9
Aix Cafe Creperie Salon --> b272 c34 s8
Miss Siam --> b264 c33 s10
Yuzu Cafe & Cuisine --> b280 c35 s11
Macchiato On Collins --> b272 c34 s10
Koi Koi --> b168 c21 s9
Barbarella Gelato & Wine --> b272 c34 s6
Delhi Rocks --> b352 c44 s11
Market Lane Coffee --> b536 c67 s11
Royal Melbourne Hotel --> b408 c51 s11
Famish'd --> b168 c21 s11
Spin Coffee --> b248 c31 s10
Pok Pok Junior --> b232 c29 s9
Simpsons Chips & Burgers --> b416 c52 s11
The Crafty Squire --> b408 c51 s11
Tsujiri --> b224 c28 s10
Ishizuka --> b208 c26 s11
Gyoza Douraku --> b312 c39 s11
Poked --> b224 c28 s11
Sempre Pizza & Calzone --> b336 c42 s10
Shanghai Master Dumpling --> b360 c45 s11
La Di Da --> b256 c32 s11
Roll'D Vietnamese Kitchen --> b408 c51 s10
Brewer's Place --> b328 c41 s11
The Taste of Korchi City --> b512 c64 s11
Lulu's Char Koay Teow --> b304 c38 s11
Palermo --> b168 c21 s9
Two Peck Crispy Chicken --> b288 c36 s10
The Lab - Nitrogen Gelato --> b488 c61 s10
Musashi Ramen Restaurant --> b344 c43 s11
Tan Hot Pot --> b232 c29 s10
Mrs Parma's --> b232 c29 s9
The European --> b368 c46 s11
District Mot Vietnamese --> b344 c43 s11
Rolling Nori --> b304 c38 s11
Miznon --> b128 c16 s6
Hawker Boys --> b224 c28 s10
China Bar --> b224 c28 s9
Old Crystal Jade Steamboat --> b312 c39 s10
William St Deli --> b280 c35 s10
Ten Square Cafe --> b288 c36 s11
Sizzling Braised Pot Mel --> b360 c45 s11
Gypsy & Pig --> b224 c28 s11
Pretty Boy Italian Steak House --> b328 c41 s8
Gong Cha --> b168 c21 s8
The Mint Bar & Restaurant --> b560 c70 s11
Krimper --> b184 c23 s10
Soul Origin --> b256 c32 s10
Lord of the Fries Melbourne Central --> b432 c54 s11
Rustica --> b184 c23 s11
City Of Melbourne Bowls Club Inc --> b368 c46 s8
The Jazz Corner Cafe --> b496 c62 s11
B Churrasco --> b208 c26 s11
Canton Fast Food --> b304 c38 s10
The Wharf Hotel --> b360 c45 s11
Yarra Dragon --> b200 c25 s10
Toothpicks Cafe --> b288 c36 s11
Adonai Foods --> b208 c26 s10
Cafe Lua --> b264 c33 s6
Cinema Nova --> b240 c30 s10
Sea salt kitchen --> b280 c35 s10
The Vertue of the Coffee Drink --> b400 c50 s7
DOC Espresso --> b176 c22 s7
East Imperial --> b304 c38 s11
Fu Lu Chinese Cafe --> b256 c32 s11
Lanzhou Beef Noodle Bar --> b504 c63 s10
Rice Bar Not Only Rice --> b336 c42 s10
Subway Carlton --> b400 c50 s11
Hwatu --> b152 c19 s11
Cafe Notturno --> b440 c55 s11
Spaghettata Restaurant --> b304 c38 s9
Ziyka Restaurant --> b208 c26 s9
El GIza Bar and Lounge --> b272 c34 s9
Bar Scopa --> b288 c36 s11
Yunique --> b168 c21 s10
Bobby Dre's --> b232 c29 s10
Miami Hotel Melbourne --> b352 c44 s11
Common Ground Coffee --> b424 c53 s11
Don't Tell Charles Coffee & Desserts --> b496 c62 s11
Nikko Sushi Noodle --> b264 c33 s10
Solah --> b248 c31 s11
East Side Story Cafe --> b288 c36 s7
Cafe Lansdowne --> b416 c52 s11
Zouki on the Park --> b240 c30 s11
Treasury Cafe --> b296 c37 s11
The Glasshouse Eatery --> b456 c57 s11
McDonald's --> b256 c32 s9
Ormond Collective --> b264 c33 s11
Pizza Forno --> b224 c28 s10
Teatro --> b240 c30 s11
Gallery Kitchen --> b256 c32 s11
Tutto Bene --> b208 c26 s11
Miyako Japanese Cuisine & Teppanyaki --> b480 c60 s11
Damon Bradley Southgate --> b336 c42 s10
Locale Coffee --> b200 c25 s8
Hooks @ The Yarra --> b288 c36 s11
KFC --> b128 c16 s10
Hopscotch --> b272 c34 s11
Ludlow Bar & Dining Room --> b328 c41 s10
Jiao Zi --> b160 c20 s10
Bluebag Fresh --> b280 c35 s11
Cafe Baci's --> b288 c36 s9
Rockpool Bar & Grill --> b264 c33 s8
Silks --> b232 c29 s11
Akachochin --> b216 c27 s11
Broad Bean Organic Grocer --> b344 c43 s9
Entrecote - Paris Steakhouse & Winebar --> b432 c54 s11
Noughts and Crosses Cafe --> b384 c48 s11
90 Secondi --> b152 c19 s9
That Coffee Corner --> b352 c44 s11
Chilli India --> b288 c36 s10
Sushi & Nori --> b328 c41 s10
Watermark Docklands --> b256 c32 s7
pouring for a purpose --> b248 c31 s10
Southern China Style Cuisine --> b416 c52 s11
Signature Pho Viet --> b296 c37 s9
365 Foodstore Docklands --> b272 c34 s11
Neo Lemonade --> b248 c31 s11
Steakhouse 66 --> b440 c55 s11
Berth Restaurant --> b304 c38 s11
Buffalos Docklands --> b392 c49 s9
Igloo Cafe & St Moritz Bar --> b336 c42 s11
Pud Thai Vs Pho --> b264 c33 s11
Mr Tucker --> b232 c29 s11
Upstanding Citizens Flinders --> b472 c59 s10
Queen's Kebabs --> b232 c29 s11
Hella Good --> b248 c31 s11
Little Cupcakes --> b528 c66 s11
Movida Next Door --> b256 c32 s10
Coda Bar & Restaurant --> b328 c41 s9
Lord of the Fries --> b288 c36 s11
