Domino's Pizza --> b112 c24 s1
Arbory Bar and Eatery --> b168 c29 s1
Leap's Bakery Cafe --> b144 c26 s1
Best Western Melbourne City --> b216 c35 s1
Hudson's Coffee --> b120 c21 s1
Nando's --> b56 c14 s1
Cafe 34 --> b56 c16 s1
Roule Galette --> b104 c21 s1
Grill'd --> b56 c15 s1
Metro Burgers --> b104 c22 s1
Pastuso --> b56 c16 s1
Bowery to Williamsburg --> b176 c31 s1
Fonda Flinders Lane --> b152 c27 s1
Cecconi's Flinders Lane --> b184 c31 s1
Eastside --> b64 c15 s1
Natural History Bar & Grill --> b216 c34 s1
Robot Sushi & Bar --> b136 c25 s1
Three Drops Espresso --> b160 c28 s1
Allegro Restaurant --> b144 c25 s1
Mrs Singh --> b72 c17 s1
No35 --> b32 c11 s1
Di Stasio Citta --> b120 c23 s1
In Zone Cafe --> b96 c21 s1
Henry & The Fox --> b120 c23 s1
Royal Stacks --> b96 c20 s1
Curry Vault --> b88 c19 s1
Subway --> b48 c14 s1
Syracuse Wine Bar & Restaurant --> b240 c37 s1
Makan --> b40 c17 s1
Hopetoun Tea Rooms --> b144 c25 s1
1932 Cafe & Restaurant --> b176 c23 s1
Doughboys Doughnuts --> b152 c27 s1
Simply Spanish --> b112 c24 s1
Fjord --> b40 c12 s1
Iki-Jime --> b64 c16 s1
In a Rush Espresso --> b144 c27 s1
Laurent Boulangerie Patisserie --> b240 c38 s1
Gordons Cafe & Bar --> b144 c27 s1
VB Rolls --> b64 c15 s1
Da Rin --> b48 c13 s1
Soi 38 --> b48 c16 s1
Mail Exchange Hotel --> b152 c31 s1
Rice Paper Sister --> b136 c24 s1
Dari Korean CafÃ© And Bar --> b200 c32 s1
Mumchan --> b56 c15 s1
Triim --> b40 c13 s1
Mercure Welcome Hotel --> b168 c30 s1
Tim Ho Wan --> b80 c18 s1
Mrs Zan's Kitchen --> b136 c25 s1
Wagaya Japanese Restaurant --> b208 c32 s1
Teaser Fengcha --> b112 c22 s1
Udon Izakaya Maedaya --> b160 c26 s1
Rising Embers --> b104 c20 s1
Virgin Active Health Club --> b200 c33 s1
Bar Clara --> b72 c18 s1
Recoleta --> b64 c14 s1
Siglo Bar --> b72 c19 s1
Common Place Coffee Brewers --> b216 c37 s1
Banoi --> b40 c14 s1
Michelangelo --> b96 c20 s1
Hana's Kitchen --> b112 c23 s1
Claypots Barbarossa --> b152 c28 s1
Nelayan --> b56 c14 s1
Dumplings Plus --> b112 c21 s1
Peddler Tuck Shop CBD --> b168 c28 s1
Gami At Healeys - Chicken & Beer --> b256 c42 s1
Mankeumi --> b64 c19 s1
G2 Korean BBQ --> b104 c19 s1
Easy Pot --> b64 c15 s1
Hadware Street Cafe --> b152 c27 s1
Whisky and Alement --> b144 c25 s1
Melbourne Whisky Room --> b168 c30 s1
Bros Sushi --> b80 c18 s1
Coopers Inn --> b88 c21 s1
Standard Coffee --> b120 c24 s1
Goz City --> b64 c17 s1
Kings and Knaves Espresso --> b200 c31 s1
Green Me Yoghurt --> b128 c24 s1
Asian Beer Cafe --> b120 c23 s1
Troika Bar --> b80 c18 s1
Charles LaTrobe Coffee Co --> b200 c33 s1
Druids Cafe --> b88 c18 s1
Cupanda Kitchen --> b120 c23 s1
Tea Bag --> b56 c15 s1
Shujinko Ramen --> b112 c23 s1
Josies Food Bar --> b120 c21 s1
Milk The Cow --> b96 c19 s1
The Heart of Carlton --> b160 c31 s1
Yo-Chi --> b48 c9 s1
Brew Culture --> b96 c19 s1
Sushi Ten --> b72 c17 s1
Calrton Pizzeria Bar and Restaurant --> b280 c44 s1
The Graduate Union of the University of Melbourne --> b392 c59 s1
Don Tojo --> b64 c18 s1
Pepper alley --> b96 c19 s1
Seasons Provedore --> b136 c26 s1
Il Gambero On The Park --> b176 c31 s1
Roberts Italian Restaurant --> b208 c34 s1
Mad Hare --> b64 c19 s1
Briscola Espresso --> b136 c25 s1
Briscola Cafe --> b104 c21 s1
No 1 Delicious Hotpot And Bbq --> b232 c36 s1
Carlton Cafe --> b96 c20 s1
North End Deli --> b112 c20 s1
Sublime cafe --> b96 c20 s1
Kebab Connection --> b128 c23 s1
Hallah --> b48 c15 s1
I Wrap Cafe --> b88 c17 s1
Affinity On Errol --> b136 c23 s1
Katmandu Cottage --> b128 c23 s1
Lukumades --> b72 c15 s1
Soolzip Korean --> b112 c24 s1
Geppetto Trattoria --> b144 c27 s1
Magnolia Court Boutique Hotel --> b232 c40 s1
My Sushi Japanese Cafe --> b176 c29 s1
Sir Osborn --> b80 c19 s1
Victoria's Secret Bar & Cafe --> b224 c37 s1
Mugs Alley --> b80 c18 s1
Shuji Sushi --> b88 c20 s1
Story So Far --> b96 c21 s1
Centro --> b48 c14 s1
Bombini Buzz --> b96 c22 s1
Waterfront (Southgate) --> b176 c28 s1
Lindt --> b40 c13 s1
Ponyfish Island --> b120 c22 s1
Cafe Promenade --> b112 c24 s1
Mad Duck Cafe --> b104 c24 s1
Left Bank Melbourne --> b152 c27 s1
Frankie Walter Peta --> b152 c25 s1
V P R Vietnamese Pork Roll --> b208 c32 s1
Melbourne Public --> b128 c25 s1
Schnitz --> b56 c16 s1
Paris by night --> b112 c23 s1
Saporito Cafe Bar & Grill --> b200 c34 s1
Lisa Bolte dancers'  Lounge --> b216 c34 s1
Gilson --> b48 c15 s1
Alfretti Cafe --> b104 c20 s1
Quality Hotel --> b104 c19 s1
Parkville Store --> b120 c24 s1
McDonalds Royal Children's Hospital --> b280 c44 s1
Teej Cafe --> b72 c17 s1
The Nixon Hotel --> b120 c26 s1
Asuka Sushi --> b88 c19 s1
VinTam's Bakery --> b120 c24 s1
Blended Beard --> b104 c22 s1
Smokestak --> b72 c18 s1
Tap 831 --> b56 c15 s1
Code Black --> b80 c20 s1
Street Kitchen Co --> b136 c25 s1
Chia Chia --> b72 c17 s1
Cafenatics Forte --> b128 c26 s1
Urban Alley Brewery --> b152 c25 s1
Dohtonbori --> b80 c19 s1
Jon Smith Subs Docklands --> b192 c30 s1
Boost Juice Waterfront City --> b216 c37 s1
Yassas --> b48 c9 s1
Bababoi --> b56 c16 s1
Crust Gourmet Pizza Bar Kensington --> b272 c41 s1
Pilgrim Bar --> b88 c18 s1
Beer De Luxe --> b96 c20 s1
Transit Rooftop Bar --> b152 c26 s1
Altius Coffee Brewers --> b168 c27 s1
Flinders Kebab --> b112 c22 s1
Williams Bar Cafe --> b136 c24 s1
Gami Chicken & Beer --> b152 c29 s1
Sushi Hub Elizabeth Street --> b208 c34 s1
Heart Baker Bun Mee --> b152 c27 s1
The Journal Canteen --> b152 c30 s1
Cafe Andiamo --> b96 c23 s1
Seedling Cafe --> b104 c22 s1
Om Nom Kitchen --> b112 c20 s1
The French Brasserie --> b160 c30 s1
Espresso Bar International --> b208 c32 s1
Market Lane Bar --> b120 c24 s1
Sensory Lab --> b88 c19 s1
Midtown Cafe & Catering --> b184 c31 s1
Bistro Du Peuple --> b128 c24 s1
Sofi's Lounge --> b104 c22 s1
Roll'D Collins Place --> b160 c28 s1
Apna Desi Indian Restaurant --> b216 c34 s1
Kantina Kartel --> b112 c21 s1
Dikstein's Corner Bar --> b168 c29 s1
PappaRich 360 Collins --> b168 c29 s1
Cafenatics Equitable Place --> b208 c36 s1
Sushi Hut --> b72 c17 s1
La Creperie Saint- Germain --> b208 c34 s1
Garcon Paris Steakhouse --> b184 c32 s1
Liaision --> b64 c16 s1
Coffee Exchange --> b120 c25 s1
Cafe Felice --> b88 c22 s1
Bar Ampere --> b80 c19 s1
Axil Coffee Roasters --> b160 c26 s1
The Meating House --> b136 c28 s1
Izakaya Den --> b88 c18 s1
