Domino's Pizza --> b112 c17 s1
Arbory Bar and Eatery --> b168 c25 s1
Doughboys Doughnuts --> b152 c22 s1
Mankeumi --> b64 c10 s1
Cupanda Kitchen --> b120 c19 s1
The League Of Honest Coffee --> b216 c30 s1
Troika Bar --> b80 c12 s1
Shuxiang Hot Pot --> b128 c18 s1
The Basement Cafe --> b136 c20 s1
Tank Fish And Chippery --> b176 c25 s1
