Domino's Pizza --> b168 c21 s5
Arbory Bar and Eatery --> b200 c25 s4
Doughboys Doughnuts --> b232 c29 s6
Mankeumi --> b88 c11 s3
Cupanda Kitchen --> b152 c19 s4
The League Of Honest Coffee --> b328 c41 s5
Troika Bar --> b144 c18 s5
Shuxiang Hot Pot --> b168 c21 s5
The Basement Cafe --> b208 c26 s4
Tank Fish And Chippery --> b240 c30 s6
