Domino's Pizza --> b272 c34 s10
Arbory Bar and Eatery --> b272 c34 s9
Leap's Bakery Cafe --> b280 c35 s10
Best Western Melbourne City --> b352 c44 s9
Hudson's Coffee --> b208 c26 s9
Nando's --> b224 c28 s10
Cafe 34 --> b248 c31 s9
Roule Galette --> b256 c32 s10
Grill'd --> b176 c22 s6
Metro Burgers --> b256 c32 s10
Pastuso --> b176 c22 s9
Bowery to Williamsburg --> b288 c36 s8
Fonda Flinders Lane --> b216 c27 s6
Cecconi's Flinders Lane --> b288 c36 s8
Eastside --> b168 c21 s9
Natural History Bar & Grill --> b280 c35 s5
Robot Sushi & Bar --> b304 c38 s10
Three Drops Espresso --> b312 c39 s10
Allegro Restaurant --> b272 c34 s9
Mrs Singh --> b176 c22 s7
No35 --> b176 c22 s9
Di Stasio Citta --> b256 c32 s10
In Zone Cafe --> b248 c31 s10
Henry & The Fox --> b256 c32 s10
Royal Stacks --> b208 c26 s9
Curry Vault --> b216 c27 s10
Subway --> b216 c27 s8
Syracuse Wine Bar & Restaurant --> b360 c45 s10
Makan --> b184 c23 s9
Hopetoun Tea Rooms --> b216 c27 s7
1932 Cafe & Restaurant --> b240 c30 s8
Doughboys Doughnuts --> b280 c35 s9
Simply Spanish --> b256 c32 s9
Fjord --> b128 c16 s9
Iki-Jime --> b152 c19 s8
In a Rush Espresso --> b224 c28 s6
Laurent Boulangerie Patisserie --> b336 c42 s8
Gordons Cafe & Bar --> b400 c50 s9
VB Rolls --> b152 c19 s8
Da Rin --> b136 c17 s8
Soi 38 --> b216 c27 s10
Mail Exchange Hotel --> b248 c31 s7
Rice Paper Sister --> b264 c33 s10
Dari Korean CafÃ© And Bar --> b528 c66 s10
Mumchan --> b160 c20 s8
Triim --> b168 c21 s9
Mercure Welcome Hotel --> b304 c38 s9
Tim Ho Wan --> b176 c22 s8
Mrs Zan's Kitchen --> b296 c37 s9
Wagaya Japanese Restaurant --> b304 c38 s9
Teaser Fengcha --> b192 c24 s5
Udon Izakaya Maedaya --> b216 c27 s6
Rising Embers --> b184 c23 s7
Virgin Active Health Club --> b272 c34 s7
Bar Clara --> b264 c33 s10
Recoleta --> b152 c19 s9
Siglo Bar --> b168 c21 s7
Common Place Coffee Brewers --> b352 c44 s9
Banoi --> b128 c16 s6
Michelangelo --> b200 c25 s8
Hana's Kitchen --> b208 c26 s8
Claypots Barbarossa --> b264 c33 s9
Nelayan --> b160 c20 s9
Dumplings Plus --> b184 c23 s7
Peddler Tuck Shop CBD --> b304 c38 s10
Gami At Healeys - Chicken & Beer --> b384 c48 s8
Mankeumi --> b232 c29 s10
G2 Korean BBQ --> b216 c27 s10
Easy Pot --> b208 c26 s10
Hadware Street Cafe --> b264 c33 s9
Whisky and Alement --> b224 c28 s8
Melbourne Whisky Room --> b312 c39 s6
Bros Sushi --> b136 c17 s5
Coopers Inn --> b240 c30 s10
Standard Coffee --> b256 c32 s9
Goz City --> b208 c26 s10
Kings and Knaves Espresso --> b288 c36 s9
Green Me Yoghurt --> b256 c32 s9
Asian Beer Cafe --> b256 c32 s10
Troika Bar --> b216 c27 s10
Charles LaTrobe Coffee Co --> b344 c43 s10
Druids Cafe --> b216 c27 s10
Cupanda Kitchen --> b232 c29 s9
Tea Bag --> b200 c25 s10
Shujinko Ramen --> b312 c39 s10
Josies Food Bar --> b200 c25 s8
Milk The Cow --> b248 c31 s10
The Heart of Carlton --> b368 c46 s9
Yo-Chi --> b136 c17 s9
Brew Culture --> b256 c32 s10
Sushi Ten --> b224 c28 s8
Calrton Pizzeria Bar and Restaurant --> b416 c52 s9
The Graduate Union of the University of Melbourne --> b560 c70 s8
Don Tojo --> b176 c22 s8
Pepper alley --> b168 c21 s6
Seasons Provedore --> b272 c34 s9
Il Gambero On The Park --> b280 c35 s9
Roberts Italian Restaurant --> b336 c42 s9
Mad Hare --> b240 c30 s9
Briscola Espresso --> b416 c52 s10
Briscola Cafe --> b304 c38 s9
No 1 Delicious Hotpot And Bbq --> b368 c46 s10
Carlton Cafe --> b248 c31 s10
North End Deli --> b248 c31 s10
Sublime cafe --> b248 c31 s9
Kebab Connection --> b200 c25 s7
Hallah --> b200 c25 s10
I Wrap Cafe --> b192 c24 s10
Affinity On Errol --> b240 c30 s10
Katmandu Cottage --> b256 c32 s10
Lukumades --> b176 c22 s10
Soolzip Korean --> b192 c24 s6
Geppetto Trattoria --> b224 c28 s7
Magnolia Court Boutique Hotel --> b400 c50 s10
My Sushi Japanese Cafe --> b288 c36 s10
Sir Osborn --> b240 c30 s10
Victoria's Secret Bar & Cafe --> b344 c43 s9
Mugs Alley --> b224 c28 s10
Shuji Sushi --> b240 c30 s9
Story So Far --> b264 c33 s10
Centro --> b176 c22 s9
Bombini Buzz --> b232 c29 s9
Waterfront (Southgate) --> b304 c38 s10
Lindt --> b96 c12 s3
Ponyfish Island --> b224 c28 s10
Cafe Promenade --> b336 c42 s9
Mad Duck Cafe --> b224 c28 s8
Left Bank Melbourne --> b264 c33 s9
Frankie Walter Peta --> b240 c30 s9
V P R Vietnamese Pork Roll --> b312 c39 s10
Melbourne Public --> b400 c50 s10
Schnitz --> b104 c13 s4
Paris by night --> b280 c35 s10
Saporito Cafe Bar & Grill --> b296 c37 s10
Lisa Bolte dancers'  Lounge --> b328 c41 s9
Gilson --> b160 c20 s9
Alfretti Cafe --> b200 c25 s8
Quality Hotel --> b168 c21 s8
Parkville Store --> b232 c29 s8
McDonalds Royal Children's Hospital --> b392 c49 s9
Teej Cafe --> b200 c25 s9
The Nixon Hotel --> b288 c36 s9
Asuka Sushi --> b184 c23 s8
VinTam's Bakery --> b272 c34 s10
Blended Beard --> b192 c24 s7
Smokestak --> b176 c22 s8
Tap 831 --> b144 c18 s9
Code Black --> b224 c28 s10
Street Kitchen Co --> b248 c31 s8
Chia Chia --> b144 c18 s6
Cafenatics Forte --> b296 c37 s7
Urban Alley Brewery --> b240 c30 s9
Dohtonbori --> b208 c26 s9
Jon Smith Subs Docklands --> b304 c38 s10
Boost Juice Waterfront City --> b384 c48 s10
Yassas --> b128 c16 s9
Bababoi --> b176 c22 s10
Crust Gourmet Pizza Bar Kensington --> b352 c44 s7
Pilgrim Bar --> b184 c23 s9
Beer De Luxe --> b208 c26 s8
Transit Rooftop Bar --> b296 c37 s10
Altius Coffee Brewers --> b312 c39 s10
Flinders Kebab --> b224 c28 s10
Williams Bar Cafe --> b232 c29 s10
Gami Chicken & Beer --> b336 c42 s9
Sushi Hub Elizabeth Street --> b440 c55 s9
Heart Baker Bun Mee --> b264 c33 s9
The Journal Canteen --> b400 c50 s10
Cafe Andiamo --> b376 c47 s10
Seedling Cafe --> b272 c34 s10
Om Nom Kitchen --> b168 c21 s7
The French Brasserie --> b360 c45 s10
Espresso Bar International --> b280 c35 s8
Market Lane Bar --> b232 c29 s8
Sensory Lab --> b200 c25 s8
Midtown Cafe & Catering --> b320 c40 s9
Bistro Du Peuple --> b264 c33 s10
Sofi's Lounge --> b240 c30 s9
Roll'D Collins Place --> b264 c33 s8
Apna Desi Indian Restaurant --> b288 c36 s7
Kantina Kartel --> b208 c26 s9
Dikstein's Corner Bar --> b224 c28 s4
PappaRich 360 Collins --> b280 c35 s9
Cafenatics Equitable Place --> b568 c71 s10
Sushi Hut --> b408 c51 s10
La Creperie Saint- Germain --> b328 c41 s10
Garcon Paris Steakhouse --> b336 c42 s10
Liaision --> b200 c25 s10
Coffee Exchange --> b232 c29 s8
Cafe Felice --> b272 c34 s8
Bar Ampere --> b240 c30 s9
Axil Coffee Roasters --> b256 c32 s9
The Meating House --> b264 c33 s7
Izakaya Den --> b176 c22 s9
