Domino's Pizza --> b224 c28 s7
Arbory Bar and Eatery --> b224 c28 s6
Natural History Bar & Grill --> b328 c41 s8
Robot Sushi & Bar --> b256 c32 s8
Doughboys Doughnuts --> b280 c35 s8
Hana's Kitchen --> b176 c22 s6
Claypots Barbarossa --> b256 c32 s8
Peddler Tuck Shop CBD --> b224 c28 s6
Mankeumi --> b176 c22 s8
Cupanda Kitchen --> b192 c24 s7
Roberts Italian Restaurant --> b304 c38 s7
Geppetto Trattoria --> b208 c26 s8
Waterfront (Southgate) --> b232 c29 s7
Ponyfish Island --> b200 c25 s7
Cafenatics Forte --> b264 c33 s7
Kantina Kartel --> b176 c22 s7
Cafe Felice --> b216 c27 s6
Nando's Bourke Street --> b248 c31 s7
Dumpling Kingdom --> b200 c25 s7
Red Pepper Indian Restaurant --> b264 c33 s4
The League Of Honest Coffee --> b312 c39 s6
Troika Bar --> b216 c27 s8
Shuxiang Hot Pot --> b184 c23 s6
The Basement Cafe --> b272 c34 s7
Trotters Bistro --> b216 c27 s7
Tank Fish And Chippery --> b224 c28 s5
Avist Cafe --> b152 c19 s7
Bombini Buzz --> b152 c19 s5
Harbour Cafe --> b192 c24 s8
Dohtonbori --> b160 c20 s6
Stand Up Cafe --> b192 c24 s8
Pho Nom --> b152 c19 s8
Krispy Kreme --> b176 c22 s8
Macchiato On Collins --> b240 c30 s7
Code Black --> b128 c16 s4
Barbarella Gelato & Wine --> b272 c34 s8
The European --> b296 c37 s8
Miznon --> b104 c13 s6
Dragon Hot Pot --> b168 c21 s5
Pretty Boy Italian Steak House --> b328 c41 s8
Soul Origin --> b168 c21 s7
Nikko Sushi Noodle --> b216 c27 s7
Ormond Collective --> b200 c25 s8
Damon Bradley Southgate --> b272 c34 s8
Locale Coffee --> b128 c16 s3
