Domino's Pizza --> b112 c16 s1
Arbory Bar and Eatery --> b168 c24 s1
Doughboys Doughnuts --> b152 c21 s1
Mankeumi --> b64 c9 s1
Cupanda Kitchen --> b120 c18 s1
