Domino's Pizza --> b152 c19 s3
Arbory Bar and Eatery --> b192 c24 s3
Doughboys Doughnuts --> b216 c27 s4
Mankeumi --> b96 c12 s4
Cupanda Kitchen --> b160 c20 s5
