Domino's Pizza --> b112 c21 s1
Arbory Bar and Eatery --> b168 c26 s1
Natural History Bar & Grill --> b216 c34 s1
Robot Sushi & Bar --> b136 c22 s1
Doughboys Doughnuts --> b152 c25 s1
Hana's Kitchen --> b112 c19 s1
Claypots Barbarossa --> b152 c27 s1
Peddler Tuck Shop CBD --> b168 c26 s1
Mankeumi --> b64 c14 s1
Cupanda Kitchen --> b120 c21 s1
Roberts Italian Restaurant --> b208 c31 s1
Geppetto Trattoria --> b144 c23 s1
Waterfront (Southgate) --> b176 c26 s1
Ponyfish Island --> b120 c21 s1
Cafenatics Forte --> b128 c23 s1
Kantina Kartel --> b112 c19 s1
Cafe Felice --> b88 c19 s1
Nando's Bourke Street --> b168 c28 s1
Dumpling Kingdom --> b128 c22 s1
Red Pepper Indian Restaurant --> b224 c33 s1
The League Of Honest Coffee --> b216 c32 s1
Troika Bar --> b80 c14 s1
Shuxiang Hot Pot --> b128 c22 s1
The Basement Cafe --> b136 c23 s1
Trotters Bistro --> b120 c19 s1
Tank Fish And Chippery --> b176 c27 s1
Avist Cafe --> b80 c15 s1
Bombini Buzz --> b96 c19 s1
Harbour Cafe --> b96 c17 s1
Dohtonbori --> b80 c17 s1
Stand Up Cafe --> b104 c18 s1
Pho Nom --> b56 c13 s1
Krispy Kreme --> b96 c17 s1
Macchiato On Collins --> b160 c26 s1
Code Black --> b80 c18 s1
Barbarella Gelato & Wine --> b192 c31 s1
The European --> b96 c18 s1
Miznon --> b48 c12 s1
Dragon Hot Pot --> b112 c20 s1
Pretty Boy Italian Steak House --> b240 c34 s1
Soul Origin --> b88 c17 s1
Nikko Sushi Noodle --> b144 c24 s1
Ormond Collective --> b136 c23 s1
Damon Bradley Southgate --> b184 c29 s1
Locale Coffee --> b104 c19 s1
